// Jest Snapshot v1, https://goo.gl/fbAQLP

exports[`Should withActiveElement render correctly 1`] = `null`;
