// Jest Snapshot v1, https://goo.gl/fbAQLP

exports[`Should MovieList render correctly 1`] = `
<div
  className="catalog__movies-list"
>
  <article
    className="small-movie-card catalog__movies-card"
    data-id="Hotel-2000"
    onClick={[Function]}
    onMouseOver={[Function]}
  >
    <div
      className="small-movie-card__image"
    >
      <img
        alt="The Grand Budapest Hotel"
        height="175"
        src="img/the-grand-budapest-hotel.jpg"
        width="280"
      />
    </div>
    <h3
      className="small-movie-card__title"
    >
      <a
        className="small-movie-card__link"
        href="movie-page.html"
      >
        The Grand Budapest Hotel
      </a>
    </h3>
  </article>
  <article
    className="small-movie-card catalog__movies-card"
    data-id="Bohemian-2018"
    onClick={[Function]}
    onMouseOver={[Function]}
  >
    <div
      className="small-movie-card__image"
    >
      <img
        alt="Bohemian Rhapsody"
        height="175"
        src="img/bohemian-rhapsody.jpg"
        width="280"
      />
    </div>
    <h3
      className="small-movie-card__title"
    >
      <a
        className="small-movie-card__link"
        href="movie-page.html"
      >
        Bohemian Rhapsody
      </a>
    </h3>
  </article>
  <article
    className="small-movie-card catalog__movies-card"
    data-id="Macbeth-2015"
    onClick={[Function]}
    onMouseOver={[Function]}
  >
    <div
      className="small-movie-card__image"
    >
      <img
        alt="Macbeth"
        height="175"
        src="img/macbeth.jpg"
        width="280"
      />
    </div>
    <h3
      className="small-movie-card__title"
    >
      <a
        className="small-movie-card__link"
        href="movie-page.html"
      >
        Macbeth
      </a>
    </h3>
  </article>
  <article
    className="small-movie-card catalog__movies-card"
    data-id="Aviator-2005"
    onClick={[Function]}
    onMouseOver={[Function]}
  >
    <div
      className="small-movie-card__image"
    >
      <img
        alt="Aviator"
        height="175"
        src="img/aviator.jpg"
        width="280"
      />
    </div>
    <h3
      className="small-movie-card__title"
    >
      <a
        className="small-movie-card__link"
        href="movie-page.html"
      >
        Aviator
      </a>
    </h3>
  </article>
</div>
`;
