// Jest Snapshot v1, https://goo.gl/fbAQLP

exports[`Should MovieNav render correctly 1`] = `
<nav
  className="movie-nav movie-card__nav"
>
  <ul
    className="movie-nav__list"
  >
    <li
      className="movie-nav__item"
    >
      <a
        className="movie-nav__link"
        href="#"
        onClick={[Function]}
      >
        tab1
      </a>
    </li>
    <li
      className="movie-nav__item movie-nav__item--active"
    >
      <a
        className="movie-nav__link"
        href="#"
        onClick={[Function]}
      >
        tab2
      </a>
    </li>
    <li
      className="movie-nav__item"
    >
      <a
        className="movie-nav__link"
        href="#"
        onClick={[Function]}
      >
        tab3
      </a>
    </li>
  </ul>
</nav>
`;
