// Jest Snapshot v1, https://goo.gl/fbAQLP

exports[`Should withFullscreenVideoPlayer render correctly 1`] = `
<video
  className="player__video"
  onClick={[Function]}
  preload="metadata"
/>
`;
