// Jest Snapshot v1, https://goo.gl/fbAQLP

exports[`Should AddReview render correctly 1`] = `
<section
  className="movie-card movie-card--full"
>
  <div
    className="movie-card__header"
  >
    <div
      className="movie-card__bg"
    >
      <img
        alt="The Grand Budapest Hotel"
        src="img/bg-the-grand-budapest-hotel.jpg"
      />
    </div>
    <h1
      className="visually-hidden"
    >
      WTW
    </h1>
    <header
      className="page-header movie-card__head"
    >
      <div
        className="logo"
      >
        <a
          className="logo__link"
          href="/"
          onClick={[Function]}
        >
          <span
            className="logo__letter logo__letter--1"
          >
            W
          </span>
          <span
            className="logo__letter logo__letter--2"
          >
            T
          </span>
          <span
            className="logo__letter logo__letter--3"
          >
            W
          </span>
        </a>
      </div>
      <nav
        className="breadcrumbs"
      >
        <ul
          className="breadcrumbs__list"
        >
          <li
            className="breadcrumbs__item"
          >
            <a
              className="breadcrumbs__link"
              href="/films/Hotel-2000"
              onClick={[Function]}
            >
              The Grand Budapest Hotel
            </a>
          </li>
          <li
            className="breadcrumbs__item"
          >
            <a
              className="breadcrumbs__link"
            >
              Add review
            </a>
          </li>
        </ul>
      </nav>
      <div
        className="user-block"
      >
        <div
          className="user-block__avatar"
        >
          <a
            href="/my-list"
            onClick={[Function]}
          >
            <img
              alt="User avatar"
              height="63"
              src="img/avatar.jpg"
              width="63"
            />
          </a>
        </div>
      </div>
    </header>
    <div
      className="movie-card__poster movie-card__poster--small"
    >
      <img
        alt="The Grand Budapest Hotel poster"
        height="327"
        src="img/the-grand-budapest-hotel-poster.jpg"
        width="218"
      />
    </div>
  </div>
  <div
    className="add-review"
  >
    <form
      action="#"
      className="add-review__form"
      disabled={false}
      style={
        Object {
          "opacity": 1,
        }
      }
    >
      <div
        className="rating"
      >
        <div
          className="rating__stars"
        >
          <input
            checked={false}
            className="rating__input"
            id="star-1"
            name="rating"
            onChange={[Function]}
            type="radio"
            value={1}
          />
          <label
            className="rating__label"
            htmlFor="star-1"
          >
            Rating 
            1
          </label>
          <input
            checked={false}
            className="rating__input"
            id="star-2"
            name="rating"
            onChange={[Function]}
            type="radio"
            value={2}
          />
          <label
            className="rating__label"
            htmlFor="star-2"
          >
            Rating 
            2
          </label>
          <input
            checked={true}
            className="rating__input"
            id="star-3"
            name="rating"
            onChange={[Function]}
            type="radio"
            value={3}
          />
          <label
            className="rating__label"
            htmlFor="star-3"
          >
            Rating 
            3
          </label>
          <input
            checked={false}
            className="rating__input"
            id="star-4"
            name="rating"
            onChange={[Function]}
            type="radio"
            value={4}
          />
          <label
            className="rating__label"
            htmlFor="star-4"
          >
            Rating 
            4
          </label>
          <input
            checked={false}
            className="rating__input"
            id="star-5"
            name="rating"
            onChange={[Function]}
            type="radio"
            value={5}
          />
          <label
            className="rating__label"
            htmlFor="star-5"
          >
            Rating 
            5
          </label>
        </div>
      </div>
      <div
        className="add-review__text"
      >
        <textarea
          className="add-review__textarea"
          id="review-text"
          name="text"
          onChange={[Function]}
          placeholder="Review text"
          value=""
        />
        <div
          className="add-review__submit"
        >
          <button
            className="add-review__btn"
            disabled={true}
            onClick={[Function]}
            style={
              Object {
                "opacity": 0.5,
              }
            }
            type="submit"
          >
            Post
          </button>
        </div>
      </div>
    </form>
  </div>
</section>
`;
