// Jest Snapshot v1, https://goo.gl/fbAQLP

exports[`Should MovieDetails render correctly 1`] = `
<div
  className="movie-card__text movie-card__row"
>
  <div
    className="movie-card__text-col"
  >
    <p
      className="movie-card__details-item"
    >
      <strong
        className="movie-card__details-name"
      >
        Director
      </strong>
      <span
        className="movie-card__details-value"
      >
        Wes Andreson
      </span>
    </p>
    <p
      className="movie-card__details-item"
    >
      <strong
        className="movie-card__details-name"
      >
        Starring
      </strong>
      <span
        className="movie-card__details-value"
      >
        Bill Murray
        , 
        <br />
        Edward Norton
        , 
        <br />
        Jude Law
        , 
        <br />
        Willem Dafoe
        , 
        <br />
      </span>
    </p>
  </div>
  <div
    className="movie-card__text-col"
  >
    <p
      className="movie-card__details-item"
    >
      <strong
        className="movie-card__details-name"
      >
        Run Time
      </strong>
      <span
        className="movie-card__details-value"
      >
        1h 00m
      </span>
    </p>
    <p
      className="movie-card__details-item"
    >
      <strong
        className="movie-card__details-name"
      >
        Genre
      </strong>
      <span
        className="movie-card__details-value"
      >
        drama
      </span>
    </p>
    <p
      className="movie-card__details-item"
    >
      <strong
        className="movie-card__details-name"
      >
        Released
      </strong>
      <span
        className="movie-card__details-value"
      >
        2000
      </span>
    </p>
  </div>
</div>
`;
