// Jest Snapshot v1, https://goo.gl/fbAQLP

exports[`Should VideoPlayer render correctly should render preview video player 1`] = `
<video
  height="175"
  width="280"
/>
`;
